105 account(s) to read

  CloakBrowser - stealth Chromium for automation
  https://github.com/CloakHQ/CloakBrowser

  Running the free binary (v146). The latest binary (v154) is free too, with 1 concurrent session.
  Get your key: run  cloakbrowser login  or visit https://cloakbrowser.dev/free
  For more than one concurrent session -> https://cloakbrowser.dev
  Star us if CloakBrowser helps your project!

[cloakbrowser] Incomplete Windows font set - installing the full set is strongly advised for best results when spoofing Windows on Linux. https://github.com/CloakHQ/cloakbrowser#font-setup-on-linux (silence: CLOAKBROWSER_SUPPRESS_FONT_WARNING=1)
[2026-10-10 12:24:48] INFO: Fetched (200) <GET https://www.instagram.com/matpatgt/embed/> (referer: https://www.google.com/)
{"platform": "instagram", "handle": "matpatgt", "read_at": "2026-10-10T12:24:46Z", "followers": 2100000, "exact": false}
[2026-10-10 12:24:57] INFO: Fetched (200) <GET https://www.instagram.com/marisha_ray/embed/> (referer: https://www.google.com/)
{"platform": "instagram", "handle": "marisha_ray", "read_at": "2026-10-10T12:24:54Z", "followers": 570000, "exact": false}
[2026-10-10 12:25:07] INFO: Fetched (200) <GET https://www.instagram.com/matthewmercervo/embed/> (referer: https://www.google.com/)
{"platform": "instagram", "handle": "matthewmercervo", "read_at": "2026-10-10T12:25:05Z", "followers": 867000, "exact": false}
[2026-10-10 12:25:13] INFO: Fetched (200) <GET https://www.instagram.com/willingblam/embed/> (referer: https://www.google.com/)
{"platform": "instagram", "handle": "willingblam", "read_at": "2026-10-10T12:25:11Z", "followers": 481000, "exact": false}
[2026-10-10 12:25:27] INFO: Fetched (200) <GET https://www.tiktok.com/@iamcardib> (referer: https://www.google.com/)
{"platform": "tiktok", "handle": "iamcardib", "read_at": "2026-10-10T12:25:20Z", "followers": 36529944, "following": 118, "posts": 378, "likes": 455218616, "exact": true, "name": "Cardi B", "bio": "Official Cardi B TikTok", "verified": true}
[2026-10-10 12:25:37] INFO: Fetched (200) <GET https://www.instagram.com/iamcardib/embed/> (referer: https://www.google.com/)
{"platform": "instagram", "handle": "iamcardib", "read_at": "2026-10-10T12:25:35Z", "followers": 160000000, "exact": false}
[2026-10-10 12:25:51] INFO: Fetched (200) <GET https://www.tiktok.com/@twitchxqcow> (referer: https://www.google.com/)
{"platform": "tiktok", "handle": "twitchxqcow", "read_at": "2026-10-10T12:25:45Z", "error": "profile data without user info"}
[2026-10-10 12:26:04] INFO: Fetched (200) <GET https://www.tiktok.com/@poki> (referer: https://www.google.com/)
{"platform": "tiktok", "handle": "poki", "read_at": "2026-10-10T12:25:59Z", "followers": 7205721, "following": 280, "posts": 374, "likes": 148829036, "exact": true, "name": "pokimane", "bio": "i <3 sharing my life \n💌 teampokimane@wmeagency.com", "verified": true}
[2026-10-10 12:26:15] INFO: Fetched (200) <GET https://www.instagram.com/pokimanelol/embed/> (referer: https://www.google.com/)
{"platform": "instagram", "handle": "pokimanelol", "read_at": "2026-10-10T12:26:13Z", "error": "no counts in the embed page: ris.exploreSearchPage\":18.3,\"553648130.polaris.feedPage\":296,\"553648130.polaris.followList\":13,\"553648130.polaris.loginPage\":22.3,\"553648130.polaris.mobileAllCo"}
[2026-10-10 12:26:25] INFO: Fetched (200) <GET https://www.instagram.com/sykkuwu/embed/> (referer: https://www.google.com/)
{"platform": "instagram", "handle": "sykkuwu", "read_at": "2026-10-10T12:26:23Z", "error": "no counts in the embed page: ris.exploreSearchPage\":18.3,\"553648130.polaris.feedPage\":296,\"553648130.polaris.followList\":13,\"553648130.polaris.loginPage\":22.3,\"553648130.polaris.mobileAllCo"}
[2026-10-10 12:26:34] INFO: Fetched (200) <GET https://www.instagram.com/asmongold/embed/> (referer: https://www.google.com/)
{"platform": "instagram", "handle": "asmongold", "read_at": "2026-10-10T12:26:31Z", "followers": 140000, "exact": false}
[2026-10-10 12:26:43] INFO: Fetched (200) <GET https://www.instagram.com/jynxzilive/embed/> (referer: https://www.google.com/)
{"platform": "instagram", "handle": "jynxzilive", "read_at": "2026-10-10T12:26:41Z", "error": "no counts in the embed page: ris.exploreSearchPage\":18.3,\"553648130.polaris.feedPage\":296,\"553648130.polaris.followList\":13,\"553648130.polaris.loginPage\":22.3,\"553648130.polaris.mobileAllCo"}
[2026-10-10 12:26:54] INFO: Fetched (200) <GET https://www.instagram.com/tyler1_alpha/embed/> (referer: https://www.google.com/)
{"platform": "instagram", "handle": "tyler1_alpha", "read_at": "2026-10-10T12:26:51Z", "followers": 541000, "exact": false}
[2026-10-10 12:27:04] INFO: Fetched (200) <GET https://www.tiktok.com/@ethankleinh3> (referer: https://www.google.com/)
{"platform": "tiktok", "handle": "ethankleinh3", "read_at": "2026-10-10T12:26:59Z", "followers": 1647847, "following": 484, "posts": 401, "likes": 72672982, "exact": true, "name": "Ethan Klein", "bio": "", "verified": true}
[2026-10-10 12:27:12] INFO: Fetched (200) <GET https://www.instagram.com/h3h3productions/embed/> (referer: https://www.google.com/)
{"platform": "instagram", "handle": "h3h3productions", "read_at": "2026-10-10T12:27:09Z", "followers": 1500000, "exact": false}
[2026-10-10 12:27:19] INFO: Fetched (200) <GET https://www.instagram.com/creggerzach0500/embed/> (referer: https://www.google.com/)
{"platform": "instagram", "handle": "creggerzach0500", "read_at": "2026-10-10T12:27:18Z", "error": "no counts in the embed page: ris.exploreSearchPage\":18.3,\"553648130.polaris.feedPage\":296,\"553648130.polaris.followList\":13,\"553648130.polaris.loginPage\":22.3,\"553648130.polaris.mobileAllCo"}
[2026-10-10 12:27:30] INFO: Fetched (200) <GET https://www.instagram.com/hideo_kojima/embed/> (referer: https://www.google.com/)
{"platform": "instagram", "handle": "hideo_kojima", "read_at": "2026-10-10T12:27:27Z", "followers": 5200000, "exact": false}
[2026-10-10 12:27:44] INFO: Fetched (200) <GET https://www.tiktok.com/@natalieroushh> (referer: https://www.google.com/)
{"platform": "tiktok", "handle": "natalieroushh", "read_at": "2026-10-10T12:27:39Z", "followers": 798818, "following": 154, "posts": 576, "likes": 10890874, "exact": true, "name": "natalieroush", "bio": "ig/yt natalieroush", "verified": false}
[2026-10-10 12:27:56] INFO: Fetched (200) <GET https://www.tiktok.com/@kimkardashian> (referer: https://www.google.com/)
{"platform": "tiktok", "handle": "kimkardashian", "read_at": "2026-10-10T12:27:52Z", "followers": 11320780, "following": 11, "posts": 221, "likes": 118261136, "exact": true, "name": "Kim Kardashian", "bio": "@SKIMS \n@Update", "verified": true}
[2026-10-10 12:28:04] INFO: Fetched (200) <GET https://www.instagram.com/kimkardashian/embed/> (referer: https://www.google.com/)
{"platform": "instagram", "handle": "kimkardashian", "read_at": "2026-10-10T12:28:02Z", "followers": 343000000, "exact": false}
[2026-10-10 12:28:15] INFO: Fetched (200) <GET https://www.tiktok.com/@miley> (referer: https://www.google.com/)
{"platform": "tiktok", "handle": "miley", "read_at": "2026-10-10T12:28:10Z", "followers": 19343425, "following": 0, "posts": 422, "likes": 215755380, "exact": true, "name": "Miley Cyrus", "bio": "BASS PERSUADES. THE ALBUM OUT NOW. LIVE 10/16 & 18.", "verified": true}
[2026-10-10 12:28:23] INFO: Fetched (200) <GET https://www.instagram.com/miley/embed/> (referer: https://www.google.com/)
{"platform": "instagram", "handle": "miley", "read_at": "2026-10-10T12:28:20Z", "followers": 205000000, "exact": false}
[2026-10-10 12:28:31] INFO: Fetched (200) <GET https://www.instagram.com/alexandracooper/embed/> (referer: https://www.google.com/)
{"platform": "instagram", "handle": "alexandracooper", "read_at": "2026-10-10T12:28:28Z", "followers": 7900000, "exact": false}
[2026-10-10 12:28:40] INFO: Fetched (200) <GET https://www.tiktok.com/@alixearle> (referer: https://www.google.com/)
{"platform": "tiktok", "handle": "alixearle", "read_at": "2026-10-10T12:28:35Z", "followers": 8722209, "following": 533, "posts": 5254, "likes": 1736144466, "exact": true, "name": "Alix Earle", "bio": "Founder of \n@reale actives \nEarle Meets World 🤍 out now on Netflix \nalixearleteam@unitedtalent.com", "verified": true}
[2026-10-10 12:28:47] INFO: Fetched (200) <GET https://www.instagram.com/alix_earle/embed/> (referer: https://www.google.com/)
{"platform": "instagram", "handle": "alix_earle", "read_at": "2026-10-10T12:28:46Z", "error": "no counts in the embed page: ris.exploreSearchPage\":18.3,\"553648130.polaris.feedPage\":296,\"553648130.polaris.followList\":13,\"553648130.polaris.loginPage\":22.3,\"553648130.polaris.mobileAllCo"}
[2026-10-10 12:28:59] INFO: Fetched (200) <GET https://www.tiktok.com/@yefersoncossio> (referer: https://www.google.com/)
{"platform": "tiktok", "handle": "yefersoncossio", "read_at": "2026-10-10T12:28:53Z", "followers": 19858127, "following": 40, "posts": 790, "likes": 469791709, "exact": true, "name": "Yef", "bio": "Sígueme en Instagram👇🏻🖤", "verified": true}
[2026-10-10 12:29:06] INFO: Fetched (200) <GET https://www.instagram.com/yefersoncossio/embed/> (referer: https://www.google.com/)
{"platform": "instagram", "handle": "yefersoncossio", "read_at": "2026-10-10T12:29:04Z", "followers": 12200000, "exact": false}
[2026-10-10 12:29:18] INFO: Fetched (200) <GET https://www.tiktok.com/@callmeagentzero> (referer: https://www.google.com/)
{"platform": "tiktok", "handle": "callmeagentzero", "read_at": "2026-10-10T12:29:12Z", "followers": 2768288, "following": 72, "posts": 188, "likes": 58113447, "exact": true, "name": "Agent", "bio": "Twitch.tv/agent00", "verified": true}
[2026-10-10 12:29:29] INFO: Fetched (200) <GET https://www.instagram.com/callmeagentzero/embed/> (referer: https://www.google.com/)
{"platform": "instagram", "handle": "callmeagentzero", "read_at": "2026-10-10T12:29:26Z", "followers": 1600000, "exact": false}
[2026-10-10 12:29:42] INFO: Fetched (200) <GET https://www.tiktok.com/@rubius> (referer: https://www.google.com/)
{"platform": "tiktok", "handle": "rubius", "read_at": "2026-10-10T12:29:36Z", "error": "profile data without user info"}
[2026-10-10 12:29:55] INFO: Fetched (200) <GET https://www.tiktok.com/@katyperry> (referer: https://www.google.com/)
{"platform": "tiktok", "handle": "katyperry", "read_at": "2026-10-10T12:29:47Z", "followers": 10154213, "following": 1, "posts": 299, "likes": 93766263, "exact": true, "name": "Katy Perry", "bio": "Watch It Burn \nOut Now 🦂", "verified": true}
[2026-10-10 12:30:02] INFO: Fetched (200) <GET https://www.instagram.com/katyperry/embed/> (referer: https://www.google.com/)
{"platform": "instagram", "handle": "katyperry", "read_at": "2026-10-10T12:29:59Z", "followers": 195000000, "exact": false}
[2026-10-10 12:30:16] INFO: Fetched (200) <GET https://www.tiktok.com/@justinbieber> (referer: https://www.google.com/)
{"platform": "tiktok", "handle": "justinbieber", "read_at": "2026-10-10T12:30:10Z", "followers": 31169845, "following": 17, "posts": 52, "likes": 134135187, "exact": true, "name": "Justin Bieber", "bio": "", "verified": true}
[2026-10-10 12:30:24] INFO: Fetched (200) <GET https://www.instagram.com/justinbieber/embed/> (referer: https://www.google.com/)
{"platform": "instagram", "handle": "justinbieber", "read_at": "2026-10-10T12:30:22Z", "error": "no counts in the embed page: ris.exploreSearchPage\":18.3,\"553648130.polaris.feedPage\":296,\"553648130.polaris.followList\":13,\"553648130.polaris.loginPage\":22.3,\"553648130.polaris.mobileAllCo"}
[2026-10-10 12:30:36] INFO: Fetched (200) <GET https://www.tiktok.com/@leahashe> (referer: https://www.google.com/)
{"platform": "tiktok", "handle": "leahashe", "read_at": "2026-10-10T12:30:29Z", "followers": 4247072, "following": 342, "posts": 403, "likes": 60102592, "exact": true, "name": "Leah Ashe", "bio": "Instagram, Twitter, YouTube: @LeahAshe\nVlog channel: Leah Ashley \n💖✨💖✨💖✨💖", "verified": true}
[2026-10-10 12:30:44] INFO: Fetched (200) <GET https://www.instagram.com/leahashe/embed/> (referer: https://www.google.com/)
{"platform": "instagram", "handle": "leahashe", "read_at": "2026-10-10T12:30:41Z", "followers": 641000, "exact": false}
[2026-10-10 12:30:59] INFO: Fetched (200) <GET https://www.tiktok.com/@mrbeast> (referer: https://www.google.com/)
{"platform": "tiktok", "handle": "mrbeast", "read_at": "2026-10-10T12:30:52Z", "followers": 143567262, "following": 355, "posts": 480, "likes": 1527240913, "exact": true, "name": "MrBeast", "bio": "Checkout My New Book!👇", "verified": true}
[2026-10-10 12:31:07] INFO: Fetched (200) <GET https://www.instagram.com/mrbeast/embed/> (referer: https://www.google.com/)
{"platform": "instagram", "handle": "mrbeast", "read_at": "2026-10-10T12:31:05Z", "followers": 90300000, "exact": false}
[2026-10-10 12:31:18] INFO: Fetched (200) <GET https://www.tiktok.com/@rubengallegoaz> (referer: https://www.google.com/)
{"platform": "tiktok", "handle": "rubengallegoaz", "read_at": "2026-10-10T12:31:11Z", "followers": 97365, "following": 81, "posts": 739, "likes": 3415414, "exact": true, "name": "Senator Gallego", "bio": "Senator from Arizona. Married to Sydney. Dad to Michael, Isla, and Cooper. USMC 0311/0341.", "verified": true}
[2026-10-10 12:31:25] INFO: Fetched (200) <GET https://www.instagram.com/senrubengallego/embed/> (referer: https://www.google.com/)
{"platform": "instagram", "handle": "senrubengallego", "read_at": "2026-10-10T12:31:23Z", "followers": 85000, "exact": false}
[2026-10-10 12:31:38] INFO: Fetched (200) <GET https://www.tiktok.com/@ishowspeed> (referer: https://www.google.com/)
{"platform": "tiktok", "handle": "ishowspeed", "read_at": "2026-10-10T12:31:31Z", "followers": 54519415, "following": 27, "posts": 31, "likes": 436701733, "exact": true, "name": "IShowSpeed", "bio": "", "verified": true}
[2026-10-10 12:31:45] INFO: Fetched (200) <GET https://www.instagram.com/ishowspeed/embed/> (referer: https://www.google.com/)
{"platform": "instagram", "handle": "ishowspeed", "read_at": "2026-10-10T12:31:43Z", "followers": 55200000, "exact": false}
[2026-10-10 12:31:52] INFO: Fetched (200) <GET https://www.instagram.com/moneyyaya/embed/> (referer: https://www.google.com/)
{"platform": "instagram", "handle": "moneyyaya", "read_at": "2026-10-10T12:31:50Z", "followers": 1400000, "exact": false}
[2026-10-10 12:32:07] INFO: Fetched (200) <GET https://www.tiktok.com/@jaidynalexxis> (referer: https://www.google.com/)
{"platform": "tiktok", "handle": "jaidynalexxis", "read_at": "2026-10-10T12:32:00Z", "followers": 1311631, "following": 44, "posts": 406, "likes": 28288760, "exact": true, "name": "jaidynalexxis", "bio": "🍒🌈🏳️‍🌈🎶🔊🎥\n@pinkface\nbusiness/PR - contactforj.alexxis@gmail.com", "verified": false}
[2026-10-10 12:32:16] INFO: Fetched (200) <GET https://www.instagram.com/officialjaidynalexxis/embed/> (referer: https://www.google.com/)
{"platform": "instagram", "handle": "officialjaidynalexxis", "read_at": "2026-10-10T12:32:15Z", "error": "no counts in the embed page: ris.exploreSearchPage\":18.3,\"553648130.polaris.feedPage\":296,\"553648130.polaris.followList\":13,\"553648130.polaris.loginPage\":22.3,\"553648130.polaris.mobileAllCo"}
[2026-10-10 12:32:29] INFO: Fetched (200) <GET https://www.tiktok.com/@hankgreen1> (referer: https://www.google.com/)
{"platform": "tiktok", "handle": "hankgreen1", "read_at": "2026-10-10T12:32:22Z", "followers": 8066992, "following": 1094, "posts": 837, "likes": 649748672, "exact": true, "name": "Hank Green", "bio": "I may have taught you biology.\nSubscribe to my newsletter We're Here!", "verified": true}
[2026-10-10 12:32:38] INFO: Fetched (200) <GET https://www.instagram.com/hankgreen/embed/> (referer: https://www.google.com/)
{"platform": "instagram", "handle": "hankgreen", "read_at": "2026-10-10T12:32:36Z", "followers": 2200000, "exact": false}
[2026-10-10 12:32:53] INFO: Fetched (200) <GET https://www.tiktok.com/@kai_cenat> (referer: https://www.google.com/)
{"platform": "tiktok", "handle": "kai_cenat", "read_at": "2026-10-10T12:32:47Z", "followers": 25444729, "following": 32, "posts": 91, "likes": 243148583, "exact": true, "name": "Kai Cenat", "bio": "", "verified": true}
[2026-10-10 12:33:02] INFO: Fetched (200) <GET https://www.instagram.com/kaicenat/embed/> (referer: https://www.google.com/)
{"platform": "instagram", "handle": "kaicenat", "read_at": "2026-10-10T12:33:00Z", "followers": 17500000, "exact": false}
[2026-10-10 12:33:14] INFO: Fetched (200) <GET https://www.tiktok.com/@bluefacebleedem> (referer: https://www.google.com/)
{"platform": "tiktok", "handle": "bluefacebleedem", "read_at": "2026-10-10T12:33:08Z", "followers": 9331002, "following": 9, "posts": 215, "likes": 124116611, "exact": true, "name": "Blueface", "bio": "", "verified": true}
[2026-10-10 12:33:24] INFO: Fetched (200) <GET https://www.instagram.com/bluefacebleedem/embed/> (referer: https://www.google.com/)
{"platform": "instagram", "handle": "bluefacebleedem", "read_at": "2026-10-10T12:33:22Z", "error": "no counts in the embed page: s.exploreSearchPage\":19.6,\"553648130.polaris.feedPage\":312.3,\"553648130.polaris.followList\":13.1,\"553648130.polaris.loginPage\":22.4,\"553648130.polaris.mobileAll"}
[2026-10-10 12:33:33] INFO: Fetched (200) <GET https://www.instagram.com/noahkahanmusic/embed/> (referer: https://www.google.com/)
{"platform": "instagram", "handle": "noahkahanmusic", "read_at": "2026-10-10T12:33:31Z", "followers": 4600000, "exact": false}
[2026-10-10 12:33:45] INFO: Fetched (200) <GET https://www.tiktok.com/@theofficertatum> (referer: https://www.google.com/)
{"platform": "tiktok", "handle": "theofficertatum", "read_at": "2026-10-10T12:33:38Z", "followers": 1785509, "following": 99, "posts": 1405, "likes": 50854211, "exact": true, "name": "The Officer Tatum", "bio": "Host of “The Officer Tatum Show\"🇺🇸\nWatch Nolan Wells Interview Here ⬇️", "verified": true}
[2026-10-10 12:33:55] INFO: Fetched (200) <GET https://www.instagram.com/theofficertatum/embed/> (referer: https://www.google.com/)
{"platform": "instagram", "handle": "theofficertatum", "read_at": "2026-10-10T12:33:52Z", "followers": 2500000, "exact": false}
[2026-10-10 12:34:10] INFO: Fetched (200) <GET https://www.tiktok.com/@plakboymac> (referer: https://www.google.com/)
{"platform": "tiktok", "handle": "plakboymac", "read_at": "2026-10-10T12:34:04Z", "followers": 133093, "following": 3, "posts": 4, "likes": 1069925, "exact": true, "name": "FaZe Max", "bio": "", "verified": false}
[2026-10-10 12:34:17] INFO: Fetched (200) <GET https://www.instagram.com/loomered/embed/> (referer: https://www.google.com/)
{"platform": "instagram", "handle": "loomered", "read_at": "2026-10-10T12:34:15Z", "error": "no counts in the embed page: s.exploreSearchPage\":19.6,\"553648130.polaris.feedPage\":312.3,\"553648130.polaris.followList\":13.1,\"553648130.polaris.loginPage\":22.4,\"553648130.polaris.mobileAll"}
[2026-10-10 12:34:32] INFO: Fetched (200) <GET https://www.tiktok.com/@ze__president> (referer: https://www.google.com/)
{"platform": "tiktok", "handle": "ze__president", "read_at": "2026-10-10T12:34:25Z", "followers": 2078764, "following": 0, "posts": 920, "likes": 49926802, "exact": true, "name": "Команда Зеленського", "bio": "Офіційний TikTok Команди Зеленського", "verified": false}
[2026-10-10 12:34:44] INFO: Fetched (200) <GET https://www.tiktok.com/@qtcinderella> (referer: https://www.google.com/)
{"platform": "tiktok", "handle": "qtcinderella", "read_at": "2026-10-10T12:34:36Z", "followers": 384928, "following": 304, "posts": 1339, "likes": 31118991, "exact": true, "name": "QTCinderella", "bio": "its a me, QT\nWatch me on Twitch :)", "verified": false}
[2026-10-10 12:34:52] INFO: Fetched (200) <GET https://www.instagram.com/qtcinderella/embed/> (referer: https://www.google.com/)
{"platform": "instagram", "handle": "qtcinderella", "read_at": "2026-10-10T12:34:49Z", "followers": 434000, "exact": false}
[2026-10-10 12:35:07] INFO: Fetched (200) <GET https://www.tiktok.com/@brentrivera> (referer: https://www.google.com/)
{"platform": "tiktok", "handle": "brentrivera", "read_at": "2026-10-10T12:35:00Z", "followers": 50956724, "following": 1205, "posts": 1825, "likes": 1815041003, "exact": true, "name": "Brent Rivera", "bio": "MY NEW CHIP BRAND! @eatlevels\n@Amp World", "verified": true}
[2026-10-10 12:35:16] INFO: Fetched (200) <GET https://www.instagram.com/brentrivera/embed/> (referer: https://www.google.com/)
{"platform": "instagram", "handle": "brentrivera", "read_at": "2026-10-10T12:35:14Z", "followers": 23400000, "exact": false}
[2026-10-10 12:35:24] INFO: Fetched (200) <GET https://www.instagram.com/whistlindiesel/embed/> (referer: https://www.google.com/)
{"platform": "instagram", "handle": "whistlindiesel", "read_at": "2026-10-10T12:35:21Z", "followers": 5700000, "exact": false}
[2026-10-10 12:35:37] INFO: Fetched (200) <GET https://www.tiktok.com/@gustavopetrooficial> (referer: https://www.google.com/)
{"platform": "tiktok", "handle": "gustavopetrooficial", "read_at": "2026-10-10T12:35:30Z", "followers": 3281288, "following": 217, "posts": 815, "likes": 66236496, "exact": true, "name": "Gustavo Petro", "bio": "Presidente de la República de Colombia \n2022 - 2026 🇨🇴", "verified": true}
[2026-10-10 12:35:48] INFO: Fetched (200) <GET https://www.tiktok.com/@clavicular> (referer: https://www.google.com/)
{"platform": "tiktok", "handle": "clavicular", "read_at": "2026-10-10T12:35:41Z", "followers": 1204534, "following": 108, "posts": 603, "likes": 43339649, "exact": true, "name": "Clavicular", "bio": "Be a part of history 👇🏼", "verified": true}
[2026-10-10 12:35:59] INFO: Fetched (200) <GET https://www.instagram.com/tamarbraxton/embed/> (referer: https://www.google.com/)
{"platform": "instagram", "handle": "tamarbraxton", "read_at": "2026-10-10T12:35:57Z", "followers": 5900000, "exact": false}
[2026-10-10 12:36:12] INFO: Fetched (200) <GET https://www.tiktok.com/@cobratate_official> (referer: https://www.google.com/)
{"platform": "tiktok", "handle": "cobratate_official", "read_at": "2026-10-10T12:36:06Z", "error": "profile data without user info"}
[2026-10-10 12:36:21] INFO: Fetched (200) <GET https://www.instagram.com/cobratate/embed/> (referer: https://www.google.com/)
{"platform": "instagram", "handle": "cobratate", "read_at": "2026-10-10T12:36:19Z", "error": "no counts in the embed page: s.exploreSearchPage\":19.6,\"553648130.polaris.feedPage\":312.3,\"553648130.polaris.followList\":13.1,\"553648130.polaris.loginPage\":22.4,\"553648130.polaris.mobileAll"}
[2026-10-10 12:36:30] INFO: Fetched (200) <GET https://www.instagram.com/talismantate/embed/> (referer: https://www.google.com/)
{"platform": "instagram", "handle": "talismantate", "read_at": "2026-10-10T12:36:28Z", "error": "no counts in the embed page: s.exploreSearchPage\":19.6,\"553648130.polaris.feedPage\":312.3,\"553648130.polaris.followList\":13.1,\"553648130.polaris.loginPage\":22.4,\"553648130.polaris.mobileAll"}
[2026-10-10 12:36:41] INFO: Fetched (200) <GET https://www.tiktok.com/@itsdeaann> (referer: https://www.google.com/)
{"platform": "tiktok", "handle": "itsdeaann", "read_at": "2026-10-10T12:36:34Z", "followers": 7727242, "following": 1273, "posts": 281, "likes": 142763551, "exact": true, "name": "Dean Withers", "bio": "22\n\nOther Socials👇🏼", "verified": true}
[2026-10-10 12:36:52] INFO: Fetched (200) <GET https://www.tiktok.com/@extraemily> (referer: https://www.google.com/)
{"platform": "tiktok", "handle": "extraemily", "read_at": "2026-10-10T12:36:45Z", "followers": 868551, "following": 60, "posts": 465, "likes": 31792199, "exact": true, "name": "extra emily", "bio": "hi there! | 28\n↓ i'm live on Twitch! ✨", "verified": true}
[2026-10-10 12:37:00] INFO: Fetched (200) <GET https://www.instagram.com/drawwithjazza/embed/> (referer: https://www.google.com/)
{"platform": "instagram", "handle": "drawwithjazza", "read_at": "2026-10-10T12:36:58Z", "followers": 1354, "exact": true}
[2026-10-10 12:37:14] INFO: Fetched (200) <GET https://www.tiktok.com/@nbayoungboy> (referer: https://www.google.com/)
{"platform": "tiktok", "handle": "nbayoungboy", "read_at": "2026-10-10T12:37:07Z", "followers": 3843443, "following": 3, "posts": 227, "likes": 47622956, "exact": true, "name": "NbaYoungBoy", "bio": "ML2 OUT NOW", "verified": true}
[2026-10-10 12:37:24] INFO: Fetched (200) <GET https://www.instagram.com/nba_youngboy/embed/> (referer: https://www.google.com/)
{"platform": "instagram", "handle": "nba_youngboy", "read_at": "2026-10-10T12:37:22Z", "followers": 12000000, "exact": false}
[2026-10-10 12:37:39] INFO: Fetched (200) <GET https://www.tiktok.com/@arianagrande> (referer: https://www.google.com/)
{"platform": "tiktok", "handle": "arianagrande", "read_at": "2026-10-10T12:37:33Z", "followers": 44791418, "following": 18, "posts": 427, "likes": 474890981, "exact": true, "name": "arianagrande", "bio": "petal out now ꕤ ｡˚", "verified": true}
[2026-10-10 12:37:48] INFO: Fetched (200) <GET https://www.instagram.com/arianagrande/embed/> (referer: https://www.google.com/)
{"platform": "instagram", "handle": "arianagrande", "read_at": "2026-10-10T12:37:45Z", "followers": 362000000, "exact": false}
[2026-10-10 12:38:02] INFO: Fetched (200) <GET https://www.tiktok.com/@dylanmulvaney> (referer: https://www.google.com/)
{"platform": "tiktok", "handle": "dylanmulvaney", "read_at": "2026-10-10T12:37:55Z", "followers": 8926767, "following": 1664, "posts": 900, "likes": 547099780, "exact": true, "name": "Dylan Mulvaney", "bio": "NY TIMES BESTSELLER PAPER DOLL  🎀", "verified": true}
[2026-10-10 12:38:11] INFO: Fetched (200) <GET https://www.instagram.com/dylanmulvaney/embed/> (referer: https://www.google.com/)
{"platform": "instagram", "handle": "dylanmulvaney", "read_at": "2026-10-10T12:38:09Z", "followers": 1500000, "exact": false}
[2026-10-10 12:38:26] INFO: Fetched (200) <GET https://www.tiktok.com/@realdonaldtrump> (referer: https://www.google.com/)
{"platform": "tiktok", "handle": "realdonaldtrump", "read_at": "2026-10-10T12:38:19Z", "followers": 16993488, "following": 2, "posts": 86, "likes": 125442761, "exact": true, "name": "President Donald J Trump", "bio": "45th & 47th President of the United States", "verified": true}
[2026-10-10 12:38:34] INFO: Fetched (200) <GET https://www.instagram.com/realdonaldtrump/embed/> (referer: https://www.google.com/)
{"platform": "instagram", "handle": "realdonaldtrump", "read_at": "2026-10-10T12:38:31Z", "followers": 44600000, "exact": false}
[2026-10-10 12:38:42] INFO: Fetched (200) <GET https://www.instagram.com/courtneyastodden/embed/> (referer: https://www.google.com/)
{"platform": "instagram", "handle": "courtneyastodden", "read_at": "2026-10-10T12:38:40Z", "followers": 409000, "exact": false}
[2026-10-10 12:38:53] INFO: Fetched (200) <GET https://www.tiktok.com/@loganpaul> (referer: https://www.google.com/)
{"platform": "tiktok", "handle": "loganpaul", "read_at": "2026-10-10T12:38:46Z", "followers": 19032378, "following": 31, "posts": 488, "likes": 413182732, "exact": true, "name": "Logan Paul", "bio": "Open trading cards rn on @Ripit ↙️", "verified": true}
[2026-10-10 12:39:01] INFO: Fetched (200) <GET https://www.instagram.com/loganpaul/embed/> (referer: https://www.google.com/)
{"platform": "instagram", "handle": "loganpaul", "read_at": "2026-10-10T12:38:59Z", "error": "no counts in the embed page: s.exploreSearchPage\":19.6,\"553648130.polaris.feedPage\":312.3,\"553648130.polaris.followList\":13.1,\"553648130.polaris.loginPage\":22.4,\"553648130.polaris.mobileAll"}
[2026-10-10 12:39:13] INFO: Fetched (200) <GET https://www.tiktok.com/@tombrady> (referer: https://www.google.com/)
{"platform": "tiktok", "handle": "tombrady", "read_at": "2026-10-10T12:39:07Z", "followers": 4960281, "following": 29, "posts": 139, "likes": 44668325, "exact": true, "name": "Tom Brady", "bio": "Family and Football.", "verified": true}
[2026-10-10 12:39:22] INFO: Fetched (200) <GET https://www.instagram.com/tombradyl/embed/> (referer: https://www.google.com/)
{"platform": "instagram", "handle": "tombradyl", "read_at": "2026-10-10T12:39:20Z", "error": "no counts in the embed page: s.exploreSearchPage\":19.6,\"553648130.polaris.feedPage\":312.3,\"553648130.polaris.followList\":13.1,\"553648130.polaris.loginPage\":22.4,\"553648130.polaris.mobileAll"}
[2026-10-10 12:39:30] INFO: Fetched (200) <GET https://www.instagram.com/stevewilldoit/embed/> (referer: https://www.google.com/)
{"platform": "instagram", "handle": "stevewilldoit", "read_at": "2026-10-10T12:39:28Z", "followers": 3800000, "exact": false}
[2026-10-10 12:39:41] INFO: Fetched (200) <GET https://www.tiktok.com/@jidion> (referer: https://www.google.com/)
{"platform": "tiktok", "handle": "jidion", "read_at": "2026-10-10T12:39:35Z", "error": "profile data without user info"}
[2026-10-10 12:39:55] INFO: Fetched (200) <GET https://www.tiktok.com/@realmizkif> (referer: https://www.google.com/)
{"platform": "tiktok", "handle": "realmizkif", "read_at": "2026-10-10T12:39:48Z", "followers": 1209218, "following": 52, "posts": 1524, "likes": 79196866, "exact": true, "name": "Mizkif", "bio": "I like finance and world of Warcraft lawl active in  my discord  ⬇️ ⬇️", "verified": true}
[2026-10-10 12:40:09] INFO: Fetched (200) <GET https://www.tiktok.com/@emiru> (referer: https://www.google.com/)
{"platform": "tiktok", "handle": "emiru", "read_at": "2026-10-10T12:40:03Z", "followers": 2010226, "following": 246, "posts": 538, "likes": 29621292, "exact": true, "name": "emiru", "bio": "⭐️i’m emi⭐️\nLIVE @ twitch.tv/emiru", "verified": true}
[2026-10-10 12:40:23] INFO: Fetched (200) <GET https://www.tiktok.com/@kitbogashow> (referer: https://www.google.com/)
{"platform": "tiktok", "handle": "kitbogashow", "read_at": "2026-10-10T12:40:16Z", "followers": 583276, "following": 0, "posts": 408, "likes": 5764328, "exact": true, "name": "kitbogashow", "bio": "Improv artist who calls scammers. Laughter is the best medicine.", "verified": false}
[2026-10-10 12:40:33] INFO: Fetched (200) <GET https://www.instagram.com/kitbogashow/embed/> (referer: https://www.google.com/)
{"platform": "instagram", "handle": "kitbogashow", "read_at": "2026-10-10T12:40:29Z", "followers": 113000, "exact": false}
[2026-10-10 12:40:42] INFO: Fetched (200) <GET https://www.instagram.com/indiaarie/embed/> (referer: https://www.google.com/)
{"platform": "instagram", "handle": "indiaarie", "read_at": "2026-10-10T12:40:40Z", "followers": 1200000, "exact": false}
[2026-10-10 12:40:55] INFO: Fetched (200) <GET https://www.tiktok.com/@maya_higa> (referer: https://www.google.com/)
{"platform": "tiktok", "handle": "maya_higa", "read_at": "2026-10-10T12:40:49Z", "followers": 461441, "following": 167, "posts": 816, "likes": 18050677, "exact": true, "name": "maya_higa", "bio": "Founder of @AlveusSanctuary 💚", "verified": false}
[2026-10-10 12:41:10] INFO: Fetched (200) <GET https://www.tiktok.com/@markrober> (referer: https://www.google.com/)
{"platform": "tiktok", "handle": "markrober", "read_at": "2026-10-10T12:41:03Z", "followers": 3970182, "following": 233, "posts": 188, "likes": 53975420, "exact": true, "name": "Mark Rober", "bio": "Former NASA engineer. Current YouTuber and friend of science.", "verified": true}
[2026-10-10 12:41:22] INFO: Fetched (200) <GET https://www.tiktok.com/@jason.nms> (referer: https://www.google.com/)
{"platform": "tiktok", "handle": "jason.nms", "read_at": "2026-10-10T12:41:16Z", "followers": 3101346, "following": 34, "posts": 424, "likes": 131025892, "exact": true, "name": "Jason", "bio": "Goober\nTwitch: jasontheween\nContact: jasontheweenbusiness@gmail.com", "verified": true}
[2026-10-10 12:41:30] INFO: Fetched (200) <GET https://www.instagram.com/rosannapansino/embed/> (referer: https://www.google.com/)
{"platform": "instagram", "handle": "rosannapansino", "read_at": "2026-10-10T12:41:28Z", "followers": 4200000, "exact": false}
[2026-10-10 12:41:43] INFO: Fetched (200) <GET https://www.tiktok.com/@jamescharles> (referer: https://www.google.com/)
{"platform": "tiktok", "handle": "jamescharles", "read_at": "2026-10-10T12:41:35Z", "followers": 39191250, "following": 368, "posts": 1248, "likes": 1599634084, "exact": true, "name": "James Charles", "bio": "✉️ management@painted.co\n🎨 @Painted @PaintedUK\n🎶 @James Charles Music \n\nPRE-SAVE MY NEW SINGLE 5150! 🚨⤵️", "verified": true}
[2026-10-10 12:41:53] INFO: Fetched (200) <GET https://www.instagram.com/jamescharles/embed/> (referer: https://www.google.com/)
{"platform": "instagram", "handle": "jamescharles", "read_at": "2026-10-10T12:41:51Z", "followers": 18600000, "exact": false}
[2026-10-10 12:42:07] INFO: Fetched (200) <GET https://www.tiktok.com/@xomgitsbunnie> (referer: https://www.google.com/)
{"platform": "tiktok", "handle": "xomgitsbunnie", "read_at": "2026-10-10T12:42:01Z", "followers": 8576182, "following": 511, "posts": 3364, "likes": 360436957, "exact": true, "name": "Bunnie Xo 🪄", "bio": "Fairy Godmother 🧚‍♂️ \nTrailerpark Barbara Walters 🎙️👱‍♀️\nWatch Pods 👇🏻\nYT: DumbBlondePod\nNew York Times #1 Best Seller 📕", "verified": true}
[2026-10-10 12:42:19] INFO: Fetched (200) <GET https://www.tiktok.com/@officialjellyroll> (referer: https://www.google.com/)
{"platform": "tiktok", "handle": "officialjellyroll", "read_at": "2026-10-10T12:42:13Z", "followers": 9938936, "following": 283, "posts": 465, "likes": 115215050, "exact": true, "name": "Jelly Roll", "bio": "Musician 🎶", "verified": true}
[2026-10-10 12:42:33] INFO: Fetched (200) <GET https://www.tiktok.com/@kellyclarkson> (referer: https://www.google.com/)
{"platform": "tiktok", "handle": "kellyclarkson", "read_at": "2026-10-10T12:42:27Z", "followers": 1387912, "following": 5, "posts": 193, "likes": 5803294, "exact": true, "name": "kellyclarkson", "bio": "I am Kelly. \nI'd Be Lyin' is out now!", "verified": true}
[2026-10-10 12:42:48] INFO: Fetched (200) <GET https://www.tiktok.com/@ksi> (referer: https://www.google.com/)
{"platform": "tiktok", "handle": "ksi", "read_at": "2026-10-10T12:42:41Z", "followers": 12101518, "following": 6, "posts": 80, "likes": 112833255, "exact": true, "name": "KSI", "bio": "", "verified": true}
[2026-10-10 12:42:58] INFO: Fetched (200) <GET https://www.instagram.com/ksi/embed/> (referer: https://www.google.com/)
{"platform": "instagram", "handle": "ksi", "read_at": "2026-10-10T12:42:56Z", "followers": 12900000, "exact": false}
[2026-10-10 12:43:09] INFO: Fetched (200) <GET https://www.tiktok.com/@kingclavicular> (referer: https://www.google.com/)
{"platform": "tiktok", "handle": "kingclavicular", "read_at": "2026-10-10T12:43:03Z", "error": "profile data without user info"}
[2026-10-10 12:43:21] INFO: Fetched (200) <GET https://www.tiktok.com/@souljaboytv> (referer: https://www.google.com/)
{"platform": "tiktok", "handle": "souljaboytv", "read_at": "2026-10-10T12:43:14Z", "followers": 3464768, "following": 21, "posts": 450, "likes": 24105500, "exact": true, "name": "Soulja Boy", "bio": "Owner of @souljaboydripco \nBookings: souljaboyinfo@gmail.com", "verified": true}
[2026-10-10 12:43:29] INFO: Fetched (200) <GET https://www.instagram.com/idubbbz/embed/> (referer: https://www.google.com/)
{"platform": "instagram", "handle": "idubbbz", "read_at": "2026-10-10T12:43:26Z", "followers": 904000, "exact": false}
read 87 of 105
site: {"ok": true, "read": 87, "saved": 87, "errors": 18}
