Downloading jinja2-3.1.6-py3-none-any.whl (134 kB)
Downloading markupsafe-3.0.3-cp311-cp311-manylinux2014_x86_64.manylinux_2_17_x86_64.manylinux_2_28_x86_64.whl (22 kB)
Installing collected packages: mpmath, typing-extensions, sympy, networkx, MarkupSafe, fsspec, filelock, jinja2, torch

Successfully installed MarkupSafe-3.0.3 filelock-3.32.3 fsspec-2026.7.0 jinja2-3.1.6 mpmath-1.3.0 networkx-3.6.1 sympy-1.14.0 torch-2.14.1+cpu typing-extensions-4.16.0
   ━━━━━━━━━━━━━━━━━━━━━━━━━━━━━━━━━━━━━━━━ 3.4/3.4 MB 260.1 MB/s  0:00:00
Downloading regex-2026.9.29-cp311-cp311-manylinux2014_x86_64.manylinux_2_17_x86_64.manylinux_2_28_x86_64.whl (804 kB)
   ━━━━━━━━━━━━━━━━━━━━━━━━━━━━━━━━━━━━━━━━ 805.0/805.0 kB 147.7 MB/s  0:00:00
Downloading truststore-0.10.4-py3-none-any.whl (18 kB)
Downloading typer-0.27.3-py3-none-any.whl (123 kB)
Downloading annotated_doc-0.0.5-py3-none-any.whl (5.3 kB)
Downloading rich-15.0.0-py3-none-any.whl (310 kB)
Downloading pygments-2.21.0-py3-none-any.whl (1.3 MB)
   ━━━━━━━━━━━━━━━━━━━━━━━━━━━━━━━━━━━━━━━━ 1.3/1.3 MB 201.8 MB/s  0:00:00
Downloading markdown_it_py-4.2.0-py3-none-any.whl (91 kB)
Downloading mdurl-0.1.2-py3-none-any.whl (10.0 kB)
Downloading shellingham-1.5.4-py2.py3-none-any.whl (9.8 kB)
Installing collected packages: truststore, tqdm, shellingham, safetensors, regex, pyyaml, pygments, packaging, numpy, mdurl, idna, hf-xet, h11, click, annotated-doc, markdown-it-py, httpcore2, anyio, rich, httpx2, typer, huggingface_hub, tokenizers, transformers, laya

Successfully installed annotated-doc-0.0.5 anyio-4.15.1 click-8.5.0 h11-0.16.0 hf-xet-1.7.0 httpcore2-2.13.1 httpx2-2.13.1 huggingface_hub-2.2.0 idna-3.20 laya-0.3.20 markdown-it-py-4.2.0 mdurl-0.1.2 numpy-2.4.6 packaging-26.3 pygments-2.21.0 pyyaml-6.0.3 regex-2026.9.29 rich-15.0.0 safetensors-0.8.0 shellingham-1.5.4 tokenizers-0.23.3 tqdm-4.70.1 transformers-5.19.0 truststore-0.10.4 typer-0.27.3

Successfully installed cloudpickle-3.1.2 joblib-1.6.0 scikit-learn-1.5.2 scipy-1.17.1 threadpoolctl-3.7.0
Name: laya
Version: 0.3.20
Name: torch
Version: 2.14.1+cpu
Name: transformers
Version: 5.19.0
