rivals: dramaalert, defnoodles, spillsesh, tiktokroom, popcrave, dexerto
ms_token: present
2026-10-10 11:14:51,061 - TikTokApi.tiktok - ERROR - Got an unexpected status code: {'userInfo': {'user': {}, 'stats': {}, 'shareMeta': {}}}
  dramaalert: 'id'
  dramaalert: 0 post(s)
2026-10-10 11:14:53,180 - TikTokApi.tiktok - ERROR - Got an unexpected status code: {'userInfo': {'user': {}, 'stats': {}, 'shareMeta': {}}}
  defnoodles: 'id'
  defnoodles: 0 post(s)
2026-10-10 11:14:55,287 - TikTokApi.tiktok - ERROR - Got an unexpected status code: {'userInfo': {'user': {}, 'stats': {}, 'shareMeta': {}}}
  spillsesh: 'id'
  spillsesh: 0 post(s)
2026-10-10 11:14:57,393 - TikTokApi.tiktok - ERROR - Got an unexpected status code: {'userInfo': {'user': {}, 'stats': {}, 'shareMeta': {}}}
  tiktokroom: 'id'
  tiktokroom: 0 post(s)
2026-10-10 11:14:59,503 - TikTokApi.tiktok - ERROR - Got an unexpected status code: {'userInfo': {'user': {}, 'stats': {}, 'shareMeta': {}}}
  popcrave: 'id'
  popcrave: 0 post(s)
2026-10-10 11:15:01,608 - TikTokApi.tiktok - ERROR - Got an unexpected status code: {'userInfo': {'user': {}, 'stats': {}, 'shareMeta': {}}}
  dexerto: 'id'
  dexerto: 0 post(s)

collected 0 post(s) from 0 rival(s)
