YT: 50 videos -> {"ok": true, "recorded": 50, "tt_matched": 0}
  yt/4Jvjnpzibx4: 210 views, 1 likes
  yt/cp-IEj5iG0w: 5 views, 0 likes
  yt/tsPRNUfuDh0: 51 views, 0 likes
  yt/qfIGi2ACHO0: 78 views, 0 likes
  yt/yxaCmRUni3k: 49 views, 0 likes
  yt/Qmlp90D31vE: 3 views, 0 likes
  yt/1FvXJuIjsSI: 14 views, 0 likes
  yt/kLXfBOYYXDg: 35 views, 0 likes
  yt/GZCIoRpWa1E: 21 views, 0 likes
  yt/P2enrHUB7Mg: 1 views, 0 likes
  yt/1Xy2salPEMg: 0 views, 0 likes
  yt/H5apgBLPfkY: 0 views, 0 likes
  yt/9jhWBFhQgk0: 3 views, 0 likes
  yt/ZU2lsaA6vJc: 1 views, 0 likes
  yt/jpzH-DU1-w0: 12 views, 0 likes
  yt/4AUcnbEar2c: 0 views, 0 likes
  yt/aZD9wD_G1VM: 24 views, 0 likes
  yt/an31-m8q7lQ: 1 views, 0 likes
  yt/zU6pQ0UUI_o: 2 views, 0 likes
  yt/QoCC9WBdAFQ: 3 views, 0 likes
  yt/44oM4z_n5AE: 11 views, 1 likes
  yt/S_J8DccMHZo: 10 views, 0 likes
  yt/ruBqavDUHhE: 5 views, 0 likes
  yt/fred0hr5uVM: 10 views, 0 likes
  yt/b-NHVWlMCnQ: 8 views, 1 likes
  yt/C5JLIIpWTDk: 73 views, 0 likes
  yt/4_0Tjjt7OPk: 3 views, 0 likes
  yt/YMpq5Tqt_kc: 235 views, 2 likes
  yt/N08LStdBB6A: 0 views, 0 likes
  yt/U9XrTecB51E: 24 views, 0 likes
  yt/n82JmZ8MBSs: 16 views, 0 likes
  yt/wl4XUkbpb3k: 27 views, 0 likes
  yt/g1nB4geGyFw: 8 views, 0 likes
  yt/h3pPKLq99Y8: 41 views, 0 likes
  yt/8r5D11BfTJw: 1 views, 0 likes
  yt/y8DRRGTIpSk: 8 views, 0 likes
  yt/_QT167mn_Q0: 4 views, 0 likes
  yt/Y1gaam4uauc: 4 views, 0 likes
  yt/ElamjOJ_fWA: 9 views, 0 likes
  yt/3lNuDidpm9A: 19 views, 0 likes
  yt/2bFcAoHiPjg: 24 views, 0 likes
  yt/DNTcJ8N8aes: 28 views, 0 likes
  yt/FsHyqvJ1Fr0: 5763 views, 22 likes
  yt/0DPD89gV1-4: 4 views, 0 likes
  yt/7iLyS-1hjeA: 0 views, 0 likes
  yt/tKdx4BX980s: 2 views, 0 likes
  yt/545c_RalJPY: 24 views, 0 likes
  yt/wT1E2fWBptQ: 46 views, 0 likes
  yt/4kWopBvpiK4: 23 views, 0 likes
  yt/-ZAXo3j9g10: 2 views, 0 likes
TT: 20 videos -> {"ok": true, "recorded": 19, "tt_matched": 3}
  tt/7691469601435045153: 257 views, 2 likes
  tt/7691425850633342240: 735 views, 0 likes
  tt/7691407793219226913: 750 views, 13 likes
  tt/7691098485986315553: 836 views, 2 likes
  tt/7691054744952933665: 827 views, 0 likes
  tt/7691036686960102688: 258 views, 3 likes
  tt/7690683656431586592: 736 views, 0 likes
  tt/7690665718777449761: 249 views, 1 likes
  tt/7690356322394475808: 254 views, 3 likes
  tt/7689941473810304288: 252 views, 2 likes
  tt/7689923417381948705: 260 views, 0 likes
  tt/7689614176188255521: 745 views, 2 likes
  tt/7689570442939567393: 794 views, 4 likes
  tt/7689552373504576800: 238 views, 0 likes
  tt/7689243087125744929: 246 views, 1 likes
  tt/7689181265936928032: 723 views, 1 likes
  tt/7688872032230001953: 730 views, 4 likes
  tt/7688828239996865825: 264 views, 0 likes
  tt/7688810199913712929: 247 views, 0 likes
  tt/7688500954630475040: 705 views, 4 likes
{"ok":true,"seen":60,"matched":49,"stored":33,"best":"tt","retention_rows":49,"spike_alerts":1}<html>
<head><title>307 Temporary Redirect</title></head>
<body>
<center><h1>307 Temporary Redirect</h1></center>
<hr><center>nginx</center>
</body>
</html>
<html>
<head><title>307 Temporary Redirect</title></head>
<body>
<center><h1>307 Temporary Redirect</h1></center>
<hr><center>nginx</center>
</body>
</html>
